The ''2-matrix_divided'' module
============================

Using ''matrix_divided''
---------------------

This is an example text file . First import

''matrix_divided'' from the ''2-matrix_divided'' module:
>>> 
>>> matrix_divided = __import__('2-matrix_divided').matrix_divided
>>> 
>>> matrix_divided((1,2,3), 2)
Traceback (most recent call last):
...
TypeError: matrix must be a matrix (list of lists) of integers/floats
>>> 
>>> matrix_divided()
Traceback (most recent call last):
...
TypeError: matrix_divided() missing 2 required positional arguments: 'matrix' and 'div'
>>>
>>> matrix_divided(2)
Traceback (most recent call last):
...
TypeError: matrix_divided() missing 1 required positional argument: 'div'
>>>
>>> matrix_divided('a')
Traceback (most recent call last):
...
TypeError: matrix_divided() missing 1 required positional argument: 'div'
>>>
>>> matrix_divided(2.3)
Traceback (most recent call last):
...
TypeError: matrix_divided() missing 1 required positional argument: 'div'
>>>
>>> matrix_divided({'a': 45, 'b': 65}, 2)
Traceback (most recent call last):
...
TypeError: matrix must be a matrix (list of lists) of integers/floats
>>>
>>> matrix_divided([1,2,3], 2)
Traceback (most recent call last):
...
TypeError: matrix must be a matrix (list of lists) of integers/floats
>>>
>>> matrix_divided(None)
Traceback (most recent call last):
...
TypeError: matrix_divided() missing 1 required positional argument: 'div'
>>> matrix_divided([[1,2],['a','b']], 2)
Traceback (most recent call last):
TypeError: matrix must be a matrix (list of lists) of integers/floats
>>> 
>>> matrix_divided([[1,2,4],[3,9]], 3)
Traceback (most recent call last):
...
TypeError: Each row of the matrix must have the same size
>>> 
>>> matrix_divided([[1,2,4],[3,9,20]], 'a')
Traceback (most recent call last):
...
TypeError: div must be a number
>>> 
>>> matrix_divided([[1,2],[4,8]], 0)
Traceback (most recent call last):
...
ZeroDivisionError: division by zero
>>> 
>>> matrix_divided([[2,2],[4,8]], -2)
[[-1.0, -1.0], [-2.0, -4.0]]
>>>
>>> matrix_divided('string', 6)
Traceback (most recent call last):
...
TypeError: matrix must be a matrix (list of lists) of integers/floats
>>> matrix_divided(True, 6)
Traceback (most recent call last):
...
TypeError: matrix must be a matrix (list of lists) of integers/floats
>>> 
>>> matrix_divided(10,[[1,2],[4,8]])
Traceback (most recent call last):
...
TypeError: matrix must be a matrix (list of lists) of integers/floats
>>>
>>> matrix_divided([[1,2],[4,8]], -0)
Traceback (most recent call last):
...
ZeroDivisionError: division by zero
>>>
